~ libc is opened as c

(void)

(void)
5
5
5
5
5
5

(void)

(void)

(void)
toto	tata
tutu 22
aaaa 45
he!he!